
> Lois Tech@0.1.0 build
> next build

▲ Next.js 16.2.9 (Turbopack)
- Environments: .env

  Creating an optimized production build ...
(node:3332) [MODULE_TYPELESS_PACKAGE_JSON] Warning: Module type of file:///C:/Users/AndreiOkon(Zoracom-N/Desktop/lois_tech_eco/postcss.config.js is not specified and it doesn't parse as CommonJS.
Reparsing as ES module because module syntax was detected. This incurs a performance overhead.
To eliminate this warning, add "type": "module" to \\?\C:\Users\AndreiOkon(Zoracom-N\Desktop\lois_tech_eco\package.json.
(Use `node --trace-warnings ...` to show where the warning was created)
✓ Compiled successfully in 13.7s
  Running TypeScript ...
  Finished TypeScript in 9.8s ...
  Collecting page data using 7 workers ...
  Generating static pages using 7 workers (0/14) ...
  Generating static pages using 7 workers (3/14) 
  Generating static pages using 7 workers (6/14) 
  Generating static pages using 7 workers (10/14) 
✓ Generating static pages using 7 workers (14/14) in 1254ms
  Finalizing page optimization ...

Route (app)
┌ ○ /
├ ○ /_not-found
├ ○ /Admin
├ ○ /Admin/edit
├ ○ /Admin/manage
├ ○ /Admin/orders
├ ƒ /api/paystack
├ ƒ /api/webhook/paystack
├ ○ /cart
├ ○ /pay
├ ƒ /product/[id]
├ ○ /shipping_policy
├ ○ /shop
└ ○ /success


○  (Static)   prerendered as static content
ƒ  (Dynamic)  server-rendered on demand

